[ys.ghu.edu.cn/info/1045/1553.html]
[backblue.gif]
[fade.gif]
[index.html]
[ys.ghu.edu.cn/css/style.css]
[ys.ghu.edu.cn/_sitegray/_sitegray.js]
[ys.ghu.edu.cn/system/resource/js/counter.js]
[ys.ghu.edu.cn/system/resource/js/dynclicks.js]
[ys.ghu.edu.cn/system/resource/js/openlink.js]
[ys.ghu.edu.cn/_dwr/interface/NewsvoteDWR.js]
[ys.ghu.edu.cn/_dwr/engine.js]
[ys.ghu.edu.cn/system/resource/js/news/newscontent.js]
[ys.ghu.edu.cn/system/resource/js/photoswipe/3.0.5.1/photoswipe.css]
[ys.ghu.edu.cn/system/resource/js/photoswipe/3.0.5.1/klass.min.js]
[ys.ghu.edu.cn/system/resource/js/ajax.js]
[ys.ghu.edu.cn/__local/6/6E/CF/D87C24DE0346FBD47CE01A78A03_81173E6F_14FF7.jpg]
[ys.ghu.edu.cn/__local/4/92/1D/75045BE8E9C872A58653B7CE953_BA322D1B_1644F.jpg]
[ys.ghu.edu.cn/info/1045/1553.html]
[ys.ghu.edu.cn/images/t1-bk.jpg]
[ys.ghu.edu.cn/images/t2-bk.jpg]
[ys.ghu.edu.cn/images/t3-bk.jpg]
[ys.ghu.edu.cn/images/t4-bk.jpg]
[ys.ghu.edu.cn/images/t4-bk2.jpg]
[ys.ghu.edu.cn/images/tt1.jpg]
[ys.ghu.edu.cn/images/tt2.jpg]
[ys.ghu.edu.cn/images/tt3.jpg]
[ys.ghu.edu.cn/images/sjcdsj-bk.png]
[ys.ghu.edu.cn/images/sjcdsj-navbk.png]
[ys.ghu.edu.cn/css/style.css]
[ys.ghu.edu.cn/_sitegray/_sitegray_d.css]
[ys.ghu.edu.cn/content.vsb.html]
[ys.ghu.edu.cn/system/resource/js/photoswipe/3.0.5.1/loader.gif]
[ys.ghu.edu.cn/system/resource/js/photoswipe/3.0.5.1/error.gif]
[ys.ghu.edu.cn/system/resource/js/photoswipe/3.0.5.1/icons.png]
[ys.ghu.edu.cn/system/resource/js/photoswipe/3.0.5.1/photoswipe.css]
[ys.ghu.edu.cn/system/resource/js/photoswipe/3.0.5.1/icons-2x.html]
